6_IC: 182 regions from 112 patients, teaching 2 (invasive_epithelium), ~7027 forward passes, ~73 min
[1/182] BRACS_1003667_IC_1: 12% invasive  kept
[2/182] BRACS_1003670_IC_1: 43% invasive  kept
[3/182] BRACS_1003673_IC_1: 20% invasive  kept
[4/182] BRACS_1003677_IC_1: 12% invasive  kept
[5/182] BRACS_1003678_IC_1: 45% invasive  kept
[6/182] BRACS_1003684_IC_1: 31% invasive  kept
[7/182] BRACS_1003692_IC_1: 52% invasive  kept
[8/182] BRACS_1003698_IC_1: 7% invasive  kept
[9/182] BRACS_1003699_IC_1: 22% invasive  kept
[10/182] BRACS_1003703_IC_1: 57% invasive  kept
[11/182] BRACS_1003708_IC_1: 50% invasive  kept
[12/182] BRACS_1003709_IC_1: 55% invasive  kept
[13/182] BRACS_1003721_IC_1: 27% invasive  kept
[14/182] BRACS_1003722_IC_1: 76% invasive  kept
[15/182] BRACS_1003723_IC_1: 71% invasive  kept
[16/182] BRACS_1003727_IC_1: 80% invasive  kept
[17/182] BRACS_1003731_IC_1: 67% invasive  kept
[18/182] BRACS_1003732_IC_1: 85% invasive  kept
[19/182] BRACS_1231_IC_63: 0% invasive  REJECTED
[20/182] BRACS_1232_IC_4: 63% invasive  kept
[21/182] BRACS_1232_IC_7: 97% invasive  kept
[22/182] BRACS_1233_IC_2: 80% invasive  kept
[23/182] BRACS_1233_IC_5: 34% invasive  kept
[24/182] BRACS_1235_IC_18: 28% invasive  REJECTED
[25/182] BRACS_1235_IC_38: 0% invasive  REJECTED
[26/182] BRACS_1263_IC_3: 93% invasive  kept
[27/182] BRACS_1263_IC_5: 97% invasive  kept
[28/182] BRACS_1265_IC_1: 89% invasive  kept
[29/182] BRACS_1265_IC_7: 98% invasive  kept
[30/182] BRACS_1272_IC_36: 46% invasive  kept
[31/182] BRACS_1272_IC_42: 24% invasive  kept
[32/182] BRACS_1277_IC_1: 13% invasive  kept
[33/182] BRACS_1279_IC_1: 48% invasive  kept
[34/182] BRACS_1284_IC_15: 17% invasive  kept
[35/182] BRACS_1284_IC_6: 37% invasive  kept
[36/182] BRACS_1286_IC_30: 38% invasive  kept
[37/182] BRACS_1286_IC_7: 31% invasive  kept
[38/182] BRACS_1287_IC_1: 96% invasive  kept
[39/182] BRACS_1287_IC_4: 86% invasive  kept
[40/182] BRACS_1288_IC_5: 68% invasive  kept
[41/182] BRACS_1288_IC_8: 93% invasive  kept
[42/182] BRACS_1289_IC_4: 97% invasive  kept
[43/182] BRACS_1289_IC_8: 45% invasive  kept
[44/182] BRACS_1292_IC_13: 85% invasive  kept
[45/182] BRACS_1292_IC_3: 67% invasive  kept
[46/182] BRACS_1293_IC_2: 89% invasive  kept
[47/182] BRACS_1293_IC_3: 47% invasive  kept
[48/182] BRACS_1356_IC_1: 64% invasive  kept
[49/182] BRACS_1356_IC_3: 93% invasive  kept
[50/182] BRACS_1357_IC_1: 79% invasive  kept
[51/182] BRACS_1357_IC_3: 50% invasive  kept
[52/182] BRACS_1358_IC_2: 50% invasive  kept
[53/182] BRACS_1358_IC_3: 71% invasive  kept
[54/182] BRACS_1360_IC_2: 83% invasive  kept
[55/182] BRACS_1360_IC_5: 53% invasive  kept
[56/182] BRACS_1361_IC_2: 37% invasive  kept
[57/182] BRACS_1362_IC_1: 20% invasive  REJECTED
[58/182] BRACS_1368_IC_2: 85% invasive  kept
[59/182] BRACS_1392_IC_2: 58% invasive  kept
[60/182] BRACS_1392_IC_5: 38% invasive  kept
[61/182] BRACS_1394_IC_4: 24% invasive  kept
[62/182] BRACS_1394_IC_5: 24% invasive  kept
[63/182] BRACS_1395_IC_4: 95% invasive  kept
[64/182] BRACS_1406_IC_1: 50% invasive  kept
[65/182] BRACS_1406_IC_5: 31% invasive  kept
[66/182] BRACS_1407_IC_3: 69% invasive  kept
[67/182] BRACS_1413_IC_3: 16% invasive  REJECTED
[68/182] BRACS_1413_IC_5: 28% invasive  kept
[69/182] BRACS_1477_IC_10: 92% invasive  kept
[70/182] BRACS_1477_IC_2: 84% invasive  kept
[71/182] BRACS_1478_IC_23: 96% invasive  kept
[72/182] BRACS_1484_IC_36: 49% invasive  kept
[73/182] BRACS_1487_IC_34: 37% invasive  kept
[74/182] BRACS_1580_IC_4: 64% invasive  kept
[75/182] BRACS_1580_IC_7: 55% invasive  kept
[76/182] BRACS_1587_IC_2: 87% invasive  kept
[77/182] BRACS_1587_IC_3: 78% invasive  kept
[78/182] BRACS_1590_IC_3: 0% invasive  REJECTED
[79/182] BRACS_1635_IC_13: 61% invasive  kept
[80/182] BRACS_1635_IC_3: 5% invasive  REJECTED
[81/182] BRACS_1636_IC_1: 31% invasive  kept
[82/182] BRACS_1636_IC_5: 32% invasive  REJECTED
[83/182] BRACS_1637_IC_15: 43% invasive  kept
[84/182] BRACS_1637_IC_18: 46% invasive  kept
[85/182] BRACS_1638_IC_12: 42% invasive  kept
[86/182] BRACS_1638_IC_5: 84% invasive  kept
[87/182] BRACS_1639_IC_6: 43% invasive  kept
[88/182] BRACS_1639_IC_7: 11% invasive  REJECTED
[89/182] BRACS_1643_IC_10: 41% invasive  kept
[90/182] BRACS_1643_IC_6: 46% invasive  kept
[91/182] BRACS_1646_IC_2: 55% invasive  kept
[92/182] BRACS_1646_IC_8: 41% invasive  kept
[93/182] BRACS_1647_IC_10: 41% invasive  kept
[94/182] BRACS_1647_IC_5: 36% invasive  kept
[95/182] BRACS_1648_IC_1: 25% invasive  kept
[96/182] BRACS_1648_IC_2: 14% invasive  kept
[97/182] BRACS_1649_IC_2: 28% invasive  kept
[98/182] BRACS_1649_IC_4: 6% invasive  kept
[99/182] BRACS_1650_IC_1: 28% invasive  kept
[100/182] BRACS_1650_IC_4: 31% invasive  kept
[101/182] BRACS_1654_IC_2: 51% invasive  kept
[102/182] BRACS_1654_IC_5: 64% invasive  kept
[103/182] BRACS_1798_IC_1: 45% invasive  kept
[104/182] BRACS_1810_IC_28: 44% invasive  kept
[105/182] BRACS_1810_IC_56: 44% invasive  kept
[106/182] BRACS_1812_IC_4: 60% invasive  kept
[107/182] BRACS_1812_IC_8: 53% invasive  kept
[108/182] BRACS_1817_IC_1: 46% invasive  kept
[109/182] BRACS_1817_IC_4: 45% invasive  kept
[110/182] BRACS_1823_IC_1: 24% invasive  kept
[111/182] BRACS_1826_IC_1: 45% invasive  kept
[112/182] BRACS_1827_IC_9: 100% invasive  kept
[113/182] BRACS_1828_IC_3: 4% invasive  REJECTED
[114/182] BRACS_1829_IC_2: 14% invasive  REJECTED
[115/182] BRACS_1830_IC_9: 62% invasive  kept
[116/182] BRACS_1831_IC_1: 70% invasive  kept
[117/182] BRACS_1875_IC_10: 1% invasive  REJECTED
[118/182] BRACS_1908_IC_2: 28% invasive  kept
[119/182] BRACS_1910_IC_1: 67% invasive  kept
[120/182] BRACS_1910_IC_2: 57% invasive  kept
[121/182] BRACS_280_IC_10: 38% invasive  kept
[122/182] BRACS_280_IC_11: 66% invasive  kept
[123/182] BRACS_281_IC_1: 27% invasive  kept
[124/182] BRACS_281_IC_32: 29% invasive  kept
[125/182] BRACS_283_IC_17: 81% invasive  kept
[126/182] BRACS_283_IC_7: 91% invasive  kept
[127/182] BRACS_286_IC_2: 7% invasive  kept
[128/182] BRACS_286_IC_31: 2% invasive  REJECTED
[129/182] BRACS_288_IC_10: 66% invasive  kept
[130/182] BRACS_288_IC_8: 45% invasive  kept
[131/182] BRACS_291_IC_12: 76% invasive  kept
[132/182] BRACS_291_IC_8: 81% invasive  kept
[133/182] BRACS_292_IC_13: 34% invasive  kept
[134/182] BRACS_292_IC_22: 60% invasive  kept
[135/182] BRACS_295_IC_40: 7% invasive  REJECTED
[136/182] BRACS_295_IC_63: 36% invasive  REJECTED
[137/182] BRACS_297_IC_29: 44% invasive  kept
[138/182] BRACS_297_IC_4: 44% invasive  kept
[139/182] BRACS_298_IC_2: 37% invasive  kept
[140/182] BRACS_298_IC_6: 38% invasive  kept
[141/182] BRACS_301_IC_12: 45% invasive  kept
[142/182] BRACS_301_IC_7: 74% invasive  kept
[143/182] BRACS_305_IC_7: 0% invasive  REJECTED
[144/182] BRACS_305_IC_8: 33% invasive  kept
[145/182] BRACS_310_IC_12: 100% invasive  kept
[146/182] BRACS_311_IC_36: 23% invasive  REJECTED
[147/182] BRACS_311_IC_79: 31% invasive  kept
[148/182] BRACS_3319_IC_12: 73% invasive  kept
[149/182] BRACS_3319_IC_14: 60% invasive  kept
[150/182] BRACS_3320_IC_4: 30% invasive  kept
[151/182] BRACS_3320_IC_6: 58% invasive  kept
[152/182] BRACS_3323_IC_4: 45% invasive  kept
[153/182] BRACS_3323_IC_6: 77% invasive  kept
[154/182] BRACS_734_IC_15: 70% invasive  kept
[155/182] BRACS_734_IC_65: 73% invasive  kept
[156/182] BRACS_738_IC_26: 34% invasive  kept
[157/182] BRACS_738_IC_28: 68% invasive  kept
[158/182] BRACS_739_IC_12: 53% invasive  kept
[159/182] BRACS_739_IC_37: 94% invasive  kept
[160/182] BRACS_740_IC_19: 88% invasive  kept
[161/182] BRACS_740_IC_2: 93% invasive  kept
[162/182] BRACS_747_IC_19: 60% invasive  kept
[163/182] BRACS_747_IC_23: 23% invasive  kept
[164/182] BRACS_748_IC_75: 48% invasive  kept
[165/182] BRACS_748_IC_82: 98% invasive  kept
[166/182] BRACS_749_IC_1: 86% invasive  kept
[167/182] BRACS_749_IC_5: 50% invasive  kept
[168/182] BRACS_750_IC_4: 57% invasive  kept
[169/182] BRACS_752_IC_23: 75% invasive  kept
[170/182] BRACS_752_IC_37: 49% invasive  kept
[171/182] BRACS_753_IC_37: 34% invasive  kept
[172/182] BRACS_753_IC_44: 59% invasive  kept
[173/182] BRACS_754_IC_39: 88% invasive  kept
[174/182] BRACS_754_IC_49: 65% invasive  kept
[175/182] BRACS_756_IC_5: 37% invasive  kept
[176/182] BRACS_756_IC_9: 70% invasive  kept
[177/182] BRACS_757_IC_3: 9% invasive  REJECTED
[178/182] BRACS_757_IC_5: 6% invasive  REJECTED
[179/182] BRACS_759_IC_10: 36% invasive  kept
[180/182] BRACS_759_IC_5: 35% invasive  kept
[181/182] BRACS_773_IC_49: 70% invasive  kept
[182/182] BRACS_773_IC_51: 73% invasive  kept

================================================================
  kept 163 regions from 103 patients
  rejected 19  |  reused from cache 0
  -> C:\Users\Coditas\Desktop\Healthcare_Projects\Cancer_Scoring_System\bcss_bracs_hchannel_resnet18\data\ic
  91.1 min
================================================================
