opening the remote zip (range requests, not a full download)
497 members in the archive
  InSitu      100 images, 1.85 GB
  Invasive    100 images, 1.78 GB
  Normal      100 images, 1.89 GB
    InSitu: 10/100
    InSitu: 20/100
    InSitu: 30/100
    InSitu: 40/100
    InSitu: 50/100
    InSitu: 60/100
    InSitu: 70/100
    InSitu: 80/100
    InSitu: 90/100
    InSitu: 100/100
    Invasive: 10/100
    Invasive: 20/100
    Invasive: 30/100
    Invasive: 40/100
    Invasive: 50/100
    Invasive: 60/100
    Invasive: 70/100
    Invasive: 80/100
    Invasive: 90/100
    Invasive: 100/100
    Normal: 10/100
    Normal: 20/100
    Normal: 30/100
    Normal: 40/100
    Normal: 50/100
    Normal: 60/100
    Normal: 70/100
    Normal: 80/100
    Normal: 90/100
    Normal: 100/100

300 images under bracs_roi_to_mask_using_beetle\data\bach
LICENCE: CC BY-NC-ND 4.0 - see LICENCE_NOTE.md. Measurement only.
